INFO:     Started server process [6564]
INFO:     Waiting for application startup.
INFO:     Application startup complete.
INFO:     Uvicorn running on http://0.0.0.0:8000 (Press CTRL+C to quit)
(trapped) error reading bcrypt version
Traceback (most recent call last):
  File "D:\Malamjaba travel agency\backend\venv\Lib\site-packages\passlib\handlers\bcrypt.py", line 620, in _load_backend_mixin
    version = _bcrypt.__about__.__version__
              ^^^^^^^^^^^^^^^^^
AttributeError: module 'bcrypt' has no attribute '__about__'
Unhandled exception: POST /api/medical-tokens
Traceback (most recent call last):
  File "D:\Malamjaba travel agency\backend\venv\Lib\site-packages\starlette\middleware\errors.py", line 164, in __call__
    await self.app(scope, receive, _send)
  File "D:\Malamjaba travel agency\backend\venv\Lib\site-packages\starlette\middleware\cors.py", line 83, in __call__
    await self.app(scope, receive, send)
  File "D:\Malamjaba travel agency\backend\venv\Lib\site-packages\starlette\middleware\exceptions.py", line 62, in __call__
    await wrap_app_handling_exceptions(self.app, conn)(scope, receive, send)
  File "D:\Malamjaba travel agency\backend\venv\Lib\site-packages\starlette\_exception_handler.py", line 64, in wrapped_app
    raise exc
  File "D:\Malamjaba travel agency\backend\venv\Lib\site-packages\starlette\_exception_handler.py", line 53, in wrapped_app
    await app(scope, receive, sender)
  File "D:\Malamjaba travel agency\backend\venv\Lib\site-packages\starlette\routing.py", line 758, in __call__
    await self.middleware_stack(scope, receive, send)
  File "D:\Malamjaba travel agency\backend\venv\Lib\site-packages\starlette\routing.py", line 778, in app
    await route.handle(scope, receive, send)
  File "D:\Malamjaba travel agency\backend\venv\Lib\site-packages\starlette\routing.py", line 299, in handle
    await self.app(scope, receive, send)
  File "D:\Malamjaba travel agency\backend\venv\Lib\site-packages\starlette\routing.py", line 79, in app
    await wrap_app_handling_exceptions(app, request)(scope, receive, send)
  File "D:\Malamjaba travel agency\backend\venv\Lib\site-packages\starlette\_exception_handler.py", line 64, in wrapped_app
    raise exc
  File "D:\Malamjaba travel agency\backend\venv\Lib\site-packages\starlette\_exception_handler.py", line 53, in wrapped_app
    await app(scope, receive, sender)
  File "D:\Malamjaba travel agency\backend\venv\Lib\site-packages\starlette\routing.py", line 74, in app
    response = await func(request)
               ^^^^^^^^^^^^^^^^^^^
  File "C:\Users\Farhan\AppData\Local\Programs\Python\Python311\Lib\contextlib.py", line 222, in __aexit__
    await self.gen.athrow(typ, value, traceback)
  File "D:\Malamjaba travel agency\backend\app\database.py", line 24, in get_db
    yield session
  File "D:\Malamjaba travel agency\backend\venv\Lib\site-packages\fastapi\routing.py", line 315, in app
    content = await serialize_response(
              ^^^^^^^^^^^^^^^^^^^^^^^^^
  File "D:\Malamjaba travel agency\backend\venv\Lib\site-packages\fastapi\routing.py", line 155, in serialize_response
    raise ResponseValidationError(
fastapi.exceptions.ResponseValidationError: 1 validation errors:
  {'type': 'get_attribute_error', 'loc': ('response', 'candidate', 'agent'), 'msg': "Error extracting attribute: MissingGreenlet: greenlet_spawn has not been called; can't call await_only() here. Was IO attempted in an unexpected place? (Background on this error at: https://sqlalche.me/e/20/xd2s)", 'input': <app.models.candidate.Candidate object at 0x000001F58D9E6590>, 'ctx': {'error': "MissingGreenlet: greenlet_spawn has not been called; can't call await_only() here. Was IO attempted in an unexpected place? (Background on this error at: https://sqlalche.me/e/20/xd2s)"}, 'url': 'https://errors.pydantic.dev/2.6/v/get_attribute_error'}

ERROR:    Exception in ASGI application
Traceback (most recent call last):
  File "D:\Malamjaba travel agency\backend\venv\Lib\site-packages\uvicorn\protocols\http\httptools_impl.py", line 419, in run_asgi
    result = await app(  # type: ignore[func-returns-value]
             ^^^^^^^^^^^^^^^^^^^^^^^^^^^^^^^^^^^^^^^^^^^^^^
  File "D:\Malamjaba travel agency\backend\venv\Lib\site-packages\uvicorn\middleware\proxy_headers.py", line 84, in __call__
    return await self.app(scope, receive, send)
           ^^^^^^^^^^^^^^^^^^^^^^^^^^^^^^^^^^^^
  File "D:\Malamjaba travel agency\backend\venv\Lib\site-packages\fastapi\applications.py", line 1054, in __call__
    await super().__call__(scope, receive, send)
  File "D:\Malamjaba travel agency\backend\venv\Lib\site-packages\starlette\applications.py", line 123, in __call__
    await self.middleware_stack(scope, receive, send)
  File "D:\Malamjaba travel agency\backend\venv\Lib\site-packages\starlette\middleware\errors.py", line 186, in __call__
    raise exc
  File "D:\Malamjaba travel agency\backend\venv\Lib\site-packages\starlette\middleware\errors.py", line 164, in __call__
    await self.app(scope, receive, _send)
  File "D:\Malamjaba travel agency\backend\venv\Lib\site-packages\starlette\middleware\cors.py", line 83, in __call__
    await self.app(scope, receive, send)
  File "D:\Malamjaba travel agency\backend\venv\Lib\site-packages\starlette\middleware\exceptions.py", line 62, in __call__
    await wrap_app_handling_exceptions(self.app, conn)(scope, receive, send)
  File "D:\Malamjaba travel agency\backend\venv\Lib\site-packages\starlette\_exception_handler.py", line 64, in wrapped_app
    raise exc
  File "D:\Malamjaba travel agency\backend\venv\Lib\site-packages\starlette\_exception_handler.py", line 53, in wrapped_app
    await app(scope, receive, sender)
  File "D:\Malamjaba travel agency\backend\venv\Lib\site-packages\starlette\routing.py", line 758, in __call__
    await self.middleware_stack(scope, receive, send)
  File "D:\Malamjaba travel agency\backend\venv\Lib\site-packages\starlette\routing.py", line 778, in app
    await route.handle(scope, receive, send)
  File "D:\Malamjaba travel agency\backend\venv\Lib\site-packages\starlette\routing.py", line 299, in handle
    await self.app(scope, receive, send)
  File "D:\Malamjaba travel agency\backend\venv\Lib\site-packages\starlette\routing.py", line 79, in app
    await wrap_app_handling_exceptions(app, request)(scope, receive, send)
  File "D:\Malamjaba travel agency\backend\venv\Lib\site-packages\starlette\_exception_handler.py", line 64, in wrapped_app
    raise exc
  File "D:\Malamjaba travel agency\backend\venv\Lib\site-packages\starlette\_exception_handler.py", line 53, in wrapped_app
    await app(scope, receive, sender)
  File "D:\Malamjaba travel agency\backend\venv\Lib\site-packages\starlette\routing.py", line 74, in app
    response = await func(request)
               ^^^^^^^^^^^^^^^^^^^
  File "C:\Users\Farhan\AppData\Local\Programs\Python\Python311\Lib\contextlib.py", line 222, in __aexit__
    await self.gen.athrow(typ, value, traceback)
  File "D:\Malamjaba travel agency\backend\app\database.py", line 24, in get_db
    yield session
  File "D:\Malamjaba travel agency\backend\venv\Lib\site-packages\fastapi\routing.py", line 315, in app
    content = await serialize_response(
              ^^^^^^^^^^^^^^^^^^^^^^^^^
  File "D:\Malamjaba travel agency\backend\venv\Lib\site-packages\fastapi\routing.py", line 155, in serialize_response
    raise ResponseValidationError(
fastapi.exceptions.ResponseValidationError: 1 validation errors:
  {'type': 'get_attribute_error', 'loc': ('response', 'candidate', 'agent'), 'msg': "Error extracting attribute: MissingGreenlet: greenlet_spawn has not been called; can't call await_only() here. Was IO attempted in an unexpected place? (Background on this error at: https://sqlalche.me/e/20/xd2s)", 'input': <app.models.candidate.Candidate object at 0x000001F58D9E6590>, 'ctx': {'error': "MissingGreenlet: greenlet_spawn has not been called; can't call await_only() here. Was IO attempted in an unexpected place? (Background on this error at: https://sqlalche.me/e/20/xd2s)"}, 'url': 'https://errors.pydantic.dev/2.6/v/get_attribute_error'}

